d:\nthu\nxp\workspace\evkbmimxrt1060_lvgl_guider\lvgl\lvgl\src\misc\lv_area.h:110:20:lv_area_copy	16	static
d:\nthu\nxp\workspace\evkbmimxrt1060_lvgl_guider\lvgl\lvgl\src\misc\lv_area.h:123:26:lv_area_get_width	16	static
d:\nthu\nxp\workspace\evkbmimxrt1060_lvgl_guider\lvgl\lvgl\src\misc\lv_area.h:133:26:lv_area_get_height	16	static
../lvgl/lvgl/src/extra/layouts/grid/../flex/../../../core/lv_obj_style_gen.h:1:26:lv_obj_get_style_width	24	static
../lvgl/lvgl/src/extra/layouts/grid/../flex/../../../core/lv_obj_style_gen.h:19:26:lv_obj_get_style_height	24	static
../lvgl/lvgl/src/extra/layouts/grid/../flex/../../../core/lv_obj_style_gen.h:67:26:lv_obj_get_style_translate_x	24	static
../lvgl/lvgl/src/extra/layouts/grid/../flex/../../../core/lv_obj_style_gen.h:73:26:lv_obj_get_style_translate_y	24	static
../lvgl/lvgl/src/extra/layouts/grid/../flex/../../../core/lv_obj_style_gen.h:103:26:lv_obj_get_style_pad_top	24	static
../lvgl/lvgl/src/extra/layouts/grid/../flex/../../../core/lv_obj_style_gen.h:115:26:lv_obj_get_style_pad_left	24	static
../lvgl/lvgl/src/extra/layouts/grid/../flex/../../../core/lv_obj_style_gen.h:127:26:lv_obj_get_style_pad_row	24	static
../lvgl/lvgl/src/extra/layouts/grid/../flex/../../../core/lv_obj_style_gen.h:133:26:lv_obj_get_style_pad_column	24	static
../lvgl/lvgl/src/extra/layouts/grid/../flex/../../../core/lv_obj_style_gen.h:253:26:lv_obj_get_style_border_width	24	static
../lvgl/lvgl/src/extra/layouts/grid/../flex/../../../core/lv_obj_style_gen.h:559:29:lv_obj_get_style_base_dir	24	static
../lvgl/lvgl/src/extra/layouts/grid/../grid/lv_grid.h:121:34:lv_obj_get_style_grid_row_dsc_array	24	static
../lvgl/lvgl/src/extra/layouts/grid/../grid/lv_grid.h:127:34:lv_obj_get_style_grid_column_dsc_array	24	static
../lvgl/lvgl/src/extra/layouts/grid/../grid/lv_grid.h:133:31:lv_obj_get_style_grid_row_align	24	static
../lvgl/lvgl/src/extra/layouts/grid/../grid/lv_grid.h:139:31:lv_obj_get_style_grid_column_align	24	static
../lvgl/lvgl/src/extra/layouts/grid/../grid/lv_grid.h:145:26:lv_obj_get_style_grid_cell_column_pos	24	static
../lvgl/lvgl/src/extra/layouts/grid/../grid/lv_grid.h:151:26:lv_obj_get_style_grid_cell_column_span	24	static
../lvgl/lvgl/src/extra/layouts/grid/../grid/lv_grid.h:157:26:lv_obj_get_style_grid_cell_row_pos	24	static
../lvgl/lvgl/src/extra/layouts/grid/../grid/lv_grid.h:163:26:lv_obj_get_style_grid_cell_row_span	24	static
../lvgl/lvgl/src/extra/layouts/grid/../grid/lv_grid.h:169:26:lv_obj_get_style_grid_cell_x_align	24	static
../lvgl/lvgl/src/extra/layouts/grid/../grid/lv_grid.h:175:26:lv_obj_get_style_grid_cell_y_align	24	static
../lvgl/lvgl/src/extra/layouts/grid/lv_grid.c:61:34:get_col_dsc	16	static
../lvgl/lvgl/src/extra/layouts/grid/lv_grid.c:65:34:get_row_dsc	16	static
../lvgl/lvgl/src/extra/layouts/grid/lv_grid.c:69:23:get_col_pos	16	static
../lvgl/lvgl/src/extra/layouts/grid/lv_grid.c:73:23:get_row_pos	16	static
../lvgl/lvgl/src/extra/layouts/grid/lv_grid.c:77:23:get_col_span	16	static
../lvgl/lvgl/src/extra/layouts/grid/lv_grid.c:81:23:get_row_span	16	static
../lvgl/lvgl/src/extra/layouts/grid/lv_grid.c:85:23:get_cell_col_align	16	static
../lvgl/lvgl/src/extra/layouts/grid/lv_grid.c:89:23:get_cell_row_align	16	static
../lvgl/lvgl/src/extra/layouts/grid/lv_grid.c:93:23:get_grid_col_align	16	static
../lvgl/lvgl/src/extra/layouts/grid/lv_grid.c:97:23:get_grid_row_align	16	static
../lvgl/lvgl/src/extra/layouts/grid/lv_grid.c:130:6:lv_grid_init	8	static
../lvgl/lvgl/src/extra/layouts/grid/lv_grid.c:147:6:lv_obj_set_grid_dsc_array	24	static
../lvgl/lvgl/src/extra/layouts/grid/lv_grid.c:154:6:lv_obj_set_grid_align	16	static
../lvgl/lvgl/src/extra/layouts/grid/lv_grid.c:161:6:lv_obj_set_grid_cell	16	static
../lvgl/lvgl/src/extra/layouts/grid/lv_grid.c:176:6:lv_style_set_grid_row_dsc_array	24	static
../lvgl/lvgl/src/extra/layouts/grid/lv_grid.c:184:6:lv_style_set_grid_column_dsc_array	24	static
../lvgl/lvgl/src/extra/layouts/grid/lv_grid.c:192:6:lv_style_set_grid_row_align	24	static
../lvgl/lvgl/src/extra/layouts/grid/lv_grid.c:200:6:lv_style_set_grid_column_align	24	static
../lvgl/lvgl/src/extra/layouts/grid/lv_grid.c:209:6:lv_style_set_grid_cell_column_pos	24	static
../lvgl/lvgl/src/extra/layouts/grid/lv_grid.c:217:6:lv_style_set_grid_cell_column_span	24	static
../lvgl/lvgl/src/extra/layouts/grid/lv_grid.c:225:6:lv_style_set_grid_cell_row_pos	24	static
../lvgl/lvgl/src/extra/layouts/grid/lv_grid.c:233:6:lv_style_set_grid_cell_row_span	24	static
../lvgl/lvgl/src/extra/layouts/grid/lv_grid.c:241:6:lv_style_set_grid_cell_x_align	24	static
../lvgl/lvgl/src/extra/layouts/grid/lv_grid.c:249:6:lv_style_set_grid_cell_y_align	24	static
../lvgl/lvgl/src/extra/layouts/grid/lv_grid.c:257:6:lv_obj_set_style_grid_row_dsc_array	32	static
../lvgl/lvgl/src/extra/layouts/grid/lv_grid.c:265:6:lv_obj_set_style_grid_column_dsc_array	32	static
../lvgl/lvgl/src/extra/layouts/grid/lv_grid.c:274:6:lv_obj_set_style_grid_row_align	32	static
../lvgl/lvgl/src/extra/layouts/grid/lv_grid.c:282:6:lv_obj_set_style_grid_column_align	32	static
../lvgl/lvgl/src/extra/layouts/grid/lv_grid.c:291:6:lv_obj_set_style_grid_cell_column_pos	32	static
../lvgl/lvgl/src/extra/layouts/grid/lv_grid.c:299:6:lv_obj_set_style_grid_cell_column_span	32	static
../lvgl/lvgl/src/extra/layouts/grid/lv_grid.c:307:6:lv_obj_set_style_grid_cell_row_pos	32	static
../lvgl/lvgl/src/extra/layouts/grid/lv_grid.c:315:6:lv_obj_set_style_grid_cell_row_span	32	static
../lvgl/lvgl/src/extra/layouts/grid/lv_grid.c:323:6:lv_obj_set_style_grid_cell_x_align	32	static
../lvgl/lvgl/src/extra/layouts/grid/lv_grid.c:331:6:lv_obj_set_style_grid_cell_y_align	32	static
../lvgl/lvgl/src/extra/layouts/grid/lv_grid.c:344:13:grid_update	96	static
../lvgl/lvgl/src/extra/layouts/grid/lv_grid.c:391:13:calc	72	static
../lvgl/lvgl/src/extra/layouts/grid/lv_grid.c:425:13:calc_free	16	static
../lvgl/lvgl/src/extra/layouts/grid/lv_grid.c:433:13:calc_cols	72	static
../lvgl/lvgl/src/extra/layouts/grid/lv_grid.c:505:13:calc_rows	72	static
../lvgl/lvgl/src/extra/layouts/grid/lv_grid.c:582:13:item_repos	96	static
../lvgl/lvgl/src/extra/layouts/grid/lv_grid.c:706:19:grid_align	32	static
../lvgl/lvgl/src/extra/layouts/grid/lv_grid.c:773:17:count_tracks	24	static
