../lvgl/lvgl/src/misc/lv_anim.c:57:6:_lv_anim_core_init	8	static
../lvgl/lvgl/src/misc/lv_anim.c:65:6:lv_anim_init	16	static
../lvgl/lvgl/src/misc/lv_anim.c:76:13:lv_anim_start	24	static
../lvgl/lvgl/src/misc/lv_anim.c:117:10:lv_anim_get_playtime	24	static
../lvgl/lvgl/src/misc/lv_anim.c:138:6:lv_anim_del	32	static
../lvgl/lvgl/src/misc/lv_anim.c:163:6:lv_anim_del_all	8	static
../lvgl/lvgl/src/misc/lv_anim.c:169:13:lv_anim_get	24	static
../lvgl/lvgl/src/misc/lv_anim.c:181:22:lv_anim_get_timer	4	static
../lvgl/lvgl/src/misc/lv_anim.c:186:10:lv_anim_count_running	16	static
../lvgl/lvgl/src/misc/lv_anim.c:195:10:lv_anim_speed_to_time	32	static
../lvgl/lvgl/src/misc/lv_anim.c:207:6:lv_anim_refr_now	8	static
../lvgl/lvgl/src/misc/lv_anim.c:212:9:lv_anim_path_linear	32	static
../lvgl/lvgl/src/misc/lv_anim.c:227:9:lv_anim_path_ease_in	40	static
../lvgl/lvgl/src/misc/lv_anim.c:241:9:lv_anim_path_ease_out	40	static
../lvgl/lvgl/src/misc/lv_anim.c:255:9:lv_anim_path_ease_in_out	40	static
../lvgl/lvgl/src/misc/lv_anim.c:269:9:lv_anim_path_overshoot	40	static
../lvgl/lvgl/src/misc/lv_anim.c:283:9:lv_anim_path_bounce	40	static
../lvgl/lvgl/src/misc/lv_anim.c:334:9:lv_anim_path_step	16	static
../lvgl/lvgl/src/misc/lv_anim.c:350:13:anim_timer	40	static
../lvgl/lvgl/src/misc/lv_anim.c:418:13:anim_ready_handler	24	static
../lvgl/lvgl/src/misc/lv_anim.c:463:13:anim_mark_list_change	8	static
