../lvgl/lvgl/src/misc/lv_mem.c:86:6:lv_mem_init	8	static
../lvgl/lvgl/src/misc/lv_mem.c:112:6:lv_mem_deinit	8	static
../lvgl/lvgl/src/misc/lv_mem.c:125:8:lv_mem_alloc	24	static
../lvgl/lvgl/src/misc/lv_mem.c:169:6:lv_mem_free	24	static
../lvgl/lvgl/src/misc/lv_mem.c:194:8:lv_mem_realloc	24	static
../lvgl/lvgl/src/misc/lv_mem.c:219:10:lv_mem_test	8	static
../lvgl/lvgl/src/misc/lv_mem.c:246:6:lv_mem_monitor	16	static
../lvgl/lvgl/src/misc/lv_mem.c:276:8:lv_mem_buf_get	24	static
../lvgl/lvgl/src/misc/lv_mem.c:332:6:lv_mem_buf_release	24	static
../lvgl/lvgl/src/misc/lv_mem.c:349:6:lv_mem_buf_free_all	16	static
../lvgl/lvgl/src/misc/lv_mem.c:368:30:lv_memcpy	48	static
../lvgl/lvgl/src/misc/lv_mem.c:430:28:lv_memset	40	static
../lvgl/lvgl/src/misc/lv_mem.c:473:28:lv_memset_00	32	static
../lvgl/lvgl/src/misc/lv_mem.c:511:28:lv_memset_ff	32	static
../lvgl/lvgl/src/misc/lv_mem.c:551:13:lv_mem_walker	32	static
