../lvgl/lvgl/src/misc/lv_color.h:588:26:lv_color_make	16	static
../lvgl/lvgl/src/misc/lv_color.h:689:26:lv_color_white	8	static
../lvgl/lvgl/src/misc/lv_color.h:693:26:lv_color_black	8	static
../lvgl/lvgl/src/misc/lv_style.h:448:30:lv_style_get_prop_inlined	56	static
../lvgl/lvgl/src/misc/lv_style.c:150:6:lv_style_init	16	static
../lvgl/lvgl/src/misc/lv_style.c:164:6:lv_style_reset	16	static
../lvgl/lvgl/src/misc/lv_style.c:180:17:lv_style_register_prop	32	static
../lvgl/lvgl/src/misc/lv_style.c:216:17:lv_style_get_num_custom_props	4	static
../lvgl/lvgl/src/misc/lv_style.c:221:6:lv_style_remove_prop	56	static
../lvgl/lvgl/src/misc/lv_style.c:282:6:lv_style_set_prop	24	static
../lvgl/lvgl/src/misc/lv_style.c:287:6:lv_style_set_prop_meta	16	static
../lvgl/lvgl/src/misc/lv_style.c:292:16:lv_style_get_prop	24	static
../lvgl/lvgl/src/misc/lv_style.c:297:6:lv_style_transition_dsc_init	24	static
../lvgl/lvgl/src/misc/lv_style.c:312:18:lv_style_prop_get_default	24	static
../lvgl/lvgl/src/misc/lv_style.c:365:6:lv_style_is_empty	16	static
../lvgl/lvgl/src/misc/lv_style.c:372:9:_lv_style_get_prop_group	24	static
../lvgl/lvgl/src/misc/lv_style.c:379:9:_lv_style_prop_lookup_flags	16	static
../lvgl/lvgl/src/misc/lv_style.c:398:13:lv_style_set_prop_helper	24	static
../lvgl/lvgl/src/misc/lv_style.c:405:13:lv_style_set_prop_meta_helper	24	static
../lvgl/lvgl/src/misc/lv_style.c:413:13:lv_style_set_prop_internal	96	static
