../lvgl/lvgl/src/extra/libs/qrcode/qrcodegen.c:128:6:qrcodegen_encodeText	104	static
../lvgl/lvgl/src/extra/libs/qrcode/qrcodegen.c:166:6:qrcodegen_encodeBinary	64	static
../lvgl/lvgl/src/extra/libs/qrcode/qrcodegen.c:184:15:appendBitsToBuffer	32	static
../lvgl/lvgl/src/extra/libs/qrcode/qrcodegen.c:195:6:qrcodegen_encodeSegments	48	static
../lvgl/lvgl/src/extra/libs/qrcode/qrcodegen.c:203:6:qrcodegen_encodeSegmentsAdvanced	96	static
../lvgl/lvgl/src/extra/libs/qrcode/qrcodegen.c:291:15:addEccAndInterleave	120	static
../lvgl/lvgl/src/extra/libs/qrcode/qrcodegen.c:324:14:getNumDataCodewords	32	static
../lvgl/lvgl/src/extra/libs/qrcode/qrcodegen.c:336:14:getNumRawDataModules	24	static
../lvgl/lvgl/src/extra/libs/qrcode/qrcodegen.c:353:15:calcReedSolomonGenerator	40	static
../lvgl/lvgl/src/extra/libs/qrcode/qrcodegen.c:377:15:calcReedSolomonRemainder	40	static
../lvgl/lvgl/src/extra/libs/qrcode/qrcodegen.c:397:18:finiteFieldMultiply	24	static
../lvgl/lvgl/src/extra/libs/qrcode/qrcodegen.c:413:15:initializeFunctionModules	48	static
../lvgl/lvgl/src/extra/libs/qrcode/qrcodegen.c:450:13:drawWhiteFunctionModules	88	static
../lvgl/lvgl/src/extra/libs/qrcode/qrcodegen.c:511:13:drawFormatBits	64	static
../lvgl/lvgl/src/extra/libs/qrcode/qrcodegen.c:545:14:getAlignmentPatternPositions	32	static
../lvgl/lvgl/src/extra/libs/qrcode/qrcodegen.c:559:13:fillRectangle	32	static
../lvgl/lvgl/src/extra/libs/qrcode/qrcodegen.c:572:13:drawCodewords	64	static
../lvgl/lvgl/src/extra/libs/qrcode/qrcodegen.c:603:13:applyMask	48	static
../lvgl/lvgl/src/extra/libs/qrcode/qrcodegen.c:631:13:getPenaltyScore	96	static
../lvgl/lvgl/src/extra/libs/qrcode/qrcodegen.c:717:13:addRunToHistory	16	static
../lvgl/lvgl/src/extra/libs/qrcode/qrcodegen.c:726:13:hasFinderLikePattern	24	static
../lvgl/lvgl/src/extra/libs/qrcode/qrcodegen.c:739:5:qrcodegen_getSize	24	static
../lvgl/lvgl/src/extra/libs/qrcode/qrcodegen.c:749:6:qrcodegen_getModule	32	static
../lvgl/lvgl/src/extra/libs/qrcode/qrcodegen.c:757:15:getModule	32	static
../lvgl/lvgl/src/extra/libs/qrcode/qrcodegen.c:766:15:setModule	40	static
../lvgl/lvgl/src/extra/libs/qrcode/qrcodegen.c:780:15:setModuleBounded	32	static
../lvgl/lvgl/src/extra/libs/qrcode/qrcodegen.c:788:13:getBit	16	static
../lvgl/lvgl/src/extra/libs/qrcode/qrcodegen.c:797:6:qrcodegen_isAlphanumeric	16	static
../lvgl/lvgl/src/extra/libs/qrcode/qrcodegen.c:808:6:qrcodegen_isNumeric	16	static
../lvgl/lvgl/src/extra/libs/qrcode/qrcodegen.c:819:8:qrcodegen_calcSegmentBufferSize	24	static
../lvgl/lvgl/src/extra/libs/qrcode/qrcodegen.c:836:14:calcSegmentBitLength	24	static
../lvgl/lvgl/src/extra/libs/qrcode/qrcodegen.c:863:26:qrcodegen_makeBytes	48	static
../lvgl/lvgl/src/extra/libs/qrcode/qrcodegen.c:878:26:qrcodegen_makeNumeric	72	static
../lvgl/lvgl/src/extra/libs/qrcode/qrcodegen.c:912:26:qrcodegen_makeAlphanumeric	72	static
../lvgl/lvgl/src/extra/libs/qrcode/qrcodegen.c:946:26:qrcodegen_makeEci	48	static
../lvgl/lvgl/src/extra/libs/qrcode/qrcodegen.c:976:14:getTotalBits	48	static
../lvgl/lvgl/src/extra/libs/qrcode/qrcodegen.c:999:12:numCharCountBits	24	static
../lvgl/lvgl/src/extra/libs/qrcode/qrcodegen.c:1012:5:qrcodegen_getMinFitVersion	48	static
../lvgl/lvgl/src/extra/libs/qrcode/qrcodegen.c:1028:5:qrcodegen_version2size	16	static
