../lvgl/lvgl/src/widgets/../core/../misc/../font/../misc/lv_area.h:110:20:lv_area_copy	16	static
../lvgl/lvgl/src/widgets/../core/../misc/lv_color.h:588:26:lv_color_make	16	static
../lvgl/lvgl/src/widgets/../core/../misc/lv_color.h:593:26:lv_color_hex	24	static
../lvgl/lvgl/src/widgets/../core/../misc/lv_color.h:689:26:lv_color_white	8	static
../lvgl/lvgl/src/widgets/../core/lv_obj_style_gen.h:349:26:lv_obj_get_style_img_recolor	24	static
../lvgl/lvgl/src/widgets/lv_canvas.c:54:12:lv_canvas_create	24	static
../lvgl/lvgl/src/widgets/lv_canvas.c:66:6:lv_canvas_set_buffer	32	static
../lvgl/lvgl/src/widgets/lv_canvas.c:82:6:lv_canvas_set_px_color	32	static
../lvgl/lvgl/src/widgets/lv_canvas.c:92:6:lv_canvas_set_px_opa	32	static
../lvgl/lvgl/src/widgets/lv_canvas.c:102:6:lv_canvas_set_palette	24	static
../lvgl/lvgl/src/widgets/lv_canvas.c:116:12:lv_canvas_get_px	24	static
../lvgl/lvgl/src/widgets/lv_canvas.c:126:16:lv_canvas_get_img	24	static
../lvgl/lvgl/src/widgets/lv_canvas.c:138:6:lv_canvas_copy_buf	48	static
../lvgl/lvgl/src/widgets/lv_canvas.c:161:6:lv_canvas_transform	120	static
../lvgl/lvgl/src/widgets/lv_canvas.c:226:6:lv_canvas_blur_hor	104	static
../lvgl/lvgl/src/widgets/lv_canvas.c:354:6:lv_canvas_blur_ver	104	static
../lvgl/lvgl/src/widgets/lv_canvas.c:487:6:lv_canvas_fill_bg	40	static
../lvgl/lvgl/src/widgets/lv_canvas.c:516:6:lv_canvas_draw_rect	488	static
../lvgl/lvgl/src/widgets/lv_canvas.c:560:6:lv_canvas_draw_text	488	static
../lvgl/lvgl/src/widgets/lv_canvas.c:596:6:lv_canvas_draw_img	488	static
../lvgl/lvgl/src/widgets/lv_canvas.c:639:6:lv_canvas_draw_line	480	static
../lvgl/lvgl/src/widgets/lv_canvas.c:681:6:lv_canvas_draw_polygon	480	static
../lvgl/lvgl/src/widgets/lv_canvas.c:719:6:lv_canvas_draw_arc	488	static
../lvgl/lvgl/src/widgets/lv_canvas.c:766:13:lv_canvas_constructor	24	static
../lvgl/lvgl/src/widgets/lv_canvas.c:785:13:lv_canvas_destructor	24	static
../lvgl/lvgl/src/widgets/lv_canvas.c:795:13:init_fake_disp	32	static
../lvgl/lvgl/src/widgets/lv_canvas.c:827:13:deinit_fake_disp	16	static
