../lvgl/lvgl/src/widgets/../core/../misc/../font/lv_font.h:124:26:lv_font_get_line_height	16	static
../lvgl/lvgl/src/widgets/../core/../misc/lv_anim.h:126:20:lv_anim_set_var	16	static
../lvgl/lvgl/src/widgets/../core/../misc/lv_anim.h:138:20:lv_anim_set_exec_cb	16	static
../lvgl/lvgl/src/widgets/../core/../misc/lv_anim.h:148:20:lv_anim_set_time	16	static
../lvgl/lvgl/src/widgets/../core/../misc/lv_anim.h:169:20:lv_anim_set_values	24	static
../lvgl/lvgl/src/widgets/../core/../misc/lv_anim.h:196:20:lv_anim_set_path_cb	16	static
../lvgl/lvgl/src/widgets/../core/../misc/lv_anim.h:227:20:lv_anim_set_ready_cb	16	static
../lvgl/lvgl/src/widgets/../core/lv_obj_style_gen.h:115:26:lv_obj_get_style_pad_left	24	static
../lvgl/lvgl/src/widgets/../core/lv_obj_style_gen.h:121:26:lv_obj_get_style_pad_right	24	static
../lvgl/lvgl/src/widgets/../core/lv_obj_style_gen.h:253:26:lv_obj_get_style_border_width	24	static
../lvgl/lvgl/src/widgets/../core/lv_obj_style_gen.h:463:33:lv_obj_get_style_text_font	24	static
../lvgl/lvgl/src/widgets/../core/lv_obj_style_gen.h:469:26:lv_obj_get_style_text_letter_space	24	static
../lvgl/lvgl/src/widgets/../core/lv_obj_style_gen.h:475:26:lv_obj_get_style_text_line_space	24	static
../lvgl/lvgl/src/widgets/../core/lv_obj_style_gen.h:529:24:lv_obj_get_style_anim_time	24	static
../lvgl/lvgl/src/widgets/lv_roller.c:78:12:lv_roller_create	24	static
../lvgl/lvgl/src/widgets/lv_roller.c:96:6:lv_roller_set_options	48	static
../lvgl/lvgl/src/widgets/lv_roller.c:152:6:lv_roller_set_selected	32	static
../lvgl/lvgl/src/widgets/lv_roller.c:191:6:lv_roller_set_visible_row_count	24	static
../lvgl/lvgl/src/widgets/lv_roller.c:210:10:lv_roller_get_selected	24	static
../lvgl/lvgl/src/widgets/lv_roller.c:230:6:lv_roller_get_selected_str	56	static
../lvgl/lvgl/src/widgets/lv_roller.c:263:14:lv_roller_get_options	16	static
../lvgl/lvgl/src/widgets/lv_roller.c:276:10:lv_roller_get_option_cnt	24	static
../lvgl/lvgl/src/widgets/lv_roller.c:294:13:lv_roller_constructor	24	static
../lvgl/lvgl/src/widgets/lv_roller.c:315:13:lv_roller_event	72	static
../lvgl/lvgl/src/widgets/lv_roller.c:418:13:lv_roller_label_event	40	static
../lvgl/lvgl/src/widgets/lv_roller.c:450:13:draw_main	200	static
../lvgl/lvgl/src/widgets/lv_roller.c:524:13:draw_label	112	static
../lvgl/lvgl/src/widgets/lv_roller.c:574:13:get_sel_area	48	static
../lvgl/lvgl/src/widgets/lv_roller.c:598:13:refr_position	128	static
../lvgl/lvgl/src/widgets/lv_roller.c:653:17:release_handler	104	static
../lvgl/lvgl/src/widgets/lv_roller.c:730:13:inf_normalize	48	static
../lvgl/lvgl/src/widgets/lv_roller.c:758:19:get_label	16	static
../lvgl/lvgl/src/widgets/lv_roller.c:764:19:get_selected_label_width	56	static
../lvgl/lvgl/src/widgets/lv_roller.c:777:13:scroll_anim_ready_cb	24	static
../lvgl/lvgl/src/widgets/lv_roller.c:784:13:set_y_anim	16	static
