D:\NTHU\NXP\Workspace\evkbmimxrt1060_lvgl_guider\CMSIS/core_cm7.h:1911:22:__NVIC_EnableIRQ	16	static
D:\NTHU\NXP\Workspace\evkbmimxrt1060_lvgl_guider\CMSIS/core_cm7.h:2041:22:__NVIC_SetPriority	16	static
D:\NTHU\NXP\Workspace\evkbmimxrt1060_lvgl_guider\drivers/fsl_clock.h:1408:20:CLOCK_SetMux	24	static
D:\NTHU\NXP\Workspace\evkbmimxrt1060_lvgl_guider\drivers/fsl_clock.h:1460:20:CLOCK_SetDiv	24	static
D:\NTHU\NXP\Workspace\evkbmimxrt1060_lvgl_guider\drivers/fsl_elcdif.h:375:20:ELCDIF_RgbModeStart	16	static
D:\NTHU\NXP\Workspace\evkbmimxrt1060_lvgl_guider\drivers/fsl_elcdif.h:393:20:ELCDIF_SetNextBufferAddr	16	static
D:\NTHU\NXP\Workspace\evkbmimxrt1060_lvgl_guider\drivers/fsl_elcdif.h:542:20:ELCDIF_EnableInterrupts	16	static
D:\NTHU\NXP\Workspace\evkbmimxrt1060_lvgl_guider\drivers/fsl_elcdif.h:570:24:ELCDIF_GetInterruptStatus	24	static
D:\NTHU\NXP\Workspace\evkbmimxrt1060_lvgl_guider\drivers/fsl_elcdif.h:588:20:ELCDIF_ClearInterruptStatus	16	static
../board/lvgl_support.c:179:6:lv_port_pre_init	4	static
../board/lvgl_support.c:183:6:lv_port_disp_init	8	static
../board/lvgl_support.c:224:6:LCDIF_IRQHandler	16	static
../board/lvgl_support.c:250:13:DEMO_InitLcdClock	24	static
../board/lvgl_support.c:286:13:DEMO_InitLcdBackLight	16	static
../board/lvgl_support.c:348:13:DEMO_InitLcd	40	static
../board/lvgl_support.c:401:13:DEMO_CleanInvalidateCache	32	static
../board/lvgl_support.c:407:13:DEMO_FlushDisplay	24	static
../board/lvgl_support.c:438:6:lv_port_indev_init	8	static
../board/lvgl_support.c:457:13:BOARD_PullTouchResetPin	16	static
../board/lvgl_support.c:469:13:BOARD_ConfigTouchIntPin	16	static
../board/lvgl_support.c:491:13:DEMO_InitTouch	16	static
../board/lvgl_support.c:518:13:DEMO_ReadTouch	16	static
