D:\NTHU\NXP\Workspace\evkbmimxrt1060_lvgl_guider\drivers/fsl_common_arm.h:210:20:_SDK_AtomicLocalClearAndSet4Byte	48	static
D:\NTHU\NXP\Workspace\evkbmimxrt1060_lvgl_guider\drivers/fsl_clock.h:1496:20:CLOCK_ControlGate	32	static
D:\NTHU\NXP\Workspace\evkbmimxrt1060_lvgl_guider\drivers/fsl_clock.h:1513:20:CLOCK_EnableClock	16	static
D:\NTHU\NXP\Workspace\evkbmimxrt1060_lvgl_guider\drivers/fsl_iomuxc.h:1288:20:IOMUXC_SetPinMux	24	static
D:\NTHU\NXP\Workspace\evkbmimxrt1060_lvgl_guider\drivers/fsl_iomuxc.h:1320:20:IOMUXC_SetPinConfig	24	static
../board/pin_mux.c:35:6:BOARD_InitBootPins	8	static
../board/pin_mux.c:103:6:BOARD_InitPins	16	static
../board/pin_mux.c:259:6:BOARD_InitSemcPins	16	static
../board/pin_mux.c:361:6:BOARD_InitI2C1Pins	16	static
