../startup/startup_mimxrt1062.cpp:618:6:void data_init(unsigned int, unsigned int, unsigned int)	4	static
../startup/startup_mimxrt1062.cpp:627:6:void bss_init(unsigned int, unsigned int)	0	static
../startup/startup_mimxrt1062.cpp:652:6:void ResetISR()	0	static
../startup/startup_mimxrt1062.cpp:743:14:void NMI_Handler()	0	static
../startup/startup_mimxrt1062.cpp:747:14:void HardFault_Handler()	0	static
../startup/startup_mimxrt1062.cpp:751:14:void MemManage_Handler()	0	static
../startup/startup_mimxrt1062.cpp:755:14:void BusFault_Handler()	0	static
../startup/startup_mimxrt1062.cpp:759:14:void UsageFault_Handler()	0	static
../startup/startup_mimxrt1062.cpp:763:14:void SVC_Handler()	0	static
../startup/startup_mimxrt1062.cpp:767:14:void DebugMon_Handler()	0	static
../startup/startup_mimxrt1062.cpp:771:14:void PendSV_Handler()	0	static
../startup/startup_mimxrt1062.cpp:775:14:void SysTick_Handler()	0	static
../startup/startup_mimxrt1062.cpp:783:14:void IntDefaultHandler()	0	static
../startup/startup_mimxrt1062.cpp:793:11:void DMA0_DMA16_IRQHandler()	8	static
../startup/startup_mimxrt1062.cpp:797:11:void DMA1_DMA17_IRQHandler()	8	static
../startup/startup_mimxrt1062.cpp:801:11:void DMA2_DMA18_IRQHandler()	8	static
../startup/startup_mimxrt1062.cpp:805:11:void DMA3_DMA19_IRQHandler()	8	static
../startup/startup_mimxrt1062.cpp:809:11:void DMA4_DMA20_IRQHandler()	8	static
../startup/startup_mimxrt1062.cpp:813:11:void DMA5_DMA21_IRQHandler()	8	static
../startup/startup_mimxrt1062.cpp:817:11:void DMA6_DMA22_IRQHandler()	8	static
../startup/startup_mimxrt1062.cpp:821:11:void DMA7_DMA23_IRQHandler()	8	static
../startup/startup_mimxrt1062.cpp:825:11:void DMA8_DMA24_IRQHandler()	8	static
../startup/startup_mimxrt1062.cpp:829:11:void DMA9_DMA25_IRQHandler()	8	static
../startup/startup_mimxrt1062.cpp:833:11:void DMA10_DMA26_IRQHandler()	8	static
../startup/startup_mimxrt1062.cpp:837:11:void DMA11_DMA27_IRQHandler()	8	static
../startup/startup_mimxrt1062.cpp:841:11:void DMA12_DMA28_IRQHandler()	8	static
../startup/startup_mimxrt1062.cpp:845:11:void DMA13_DMA29_IRQHandler()	8	static
../startup/startup_mimxrt1062.cpp:849:11:void DMA14_DMA30_IRQHandler()	8	static
../startup/startup_mimxrt1062.cpp:853:11:void DMA15_DMA31_IRQHandler()	8	static
../startup/startup_mimxrt1062.cpp:857:11:void DMA_ERROR_IRQHandler()	8	static
../startup/startup_mimxrt1062.cpp:861:11:void CTI0_ERROR_IRQHandler()	8	static
../startup/startup_mimxrt1062.cpp:865:11:void CTI1_ERROR_IRQHandler()	8	static
../startup/startup_mimxrt1062.cpp:869:11:void CORE_IRQHandler()	8	static
../startup/startup_mimxrt1062.cpp:873:11:void LPUART1_IRQHandler()	8	static
../startup/startup_mimxrt1062.cpp:877:11:void LPUART2_IRQHandler()	8	static
../startup/startup_mimxrt1062.cpp:881:11:void LPUART3_IRQHandler()	8	static
../startup/startup_mimxrt1062.cpp:885:11:void LPUART4_IRQHandler()	8	static
../startup/startup_mimxrt1062.cpp:889:11:void LPUART5_IRQHandler()	8	static
../startup/startup_mimxrt1062.cpp:893:11:void LPUART6_IRQHandler()	8	static
../startup/startup_mimxrt1062.cpp:897:11:void LPUART7_IRQHandler()	8	static
../startup/startup_mimxrt1062.cpp:901:11:void LPUART8_IRQHandler()	8	static
../startup/startup_mimxrt1062.cpp:905:11:void LPI2C1_IRQHandler()	8	static
../startup/startup_mimxrt1062.cpp:909:11:void LPI2C2_IRQHandler()	8	static
../startup/startup_mimxrt1062.cpp:913:11:void LPI2C3_IRQHandler()	8	static
../startup/startup_mimxrt1062.cpp:917:11:void LPI2C4_IRQHandler()	8	static
../startup/startup_mimxrt1062.cpp:921:11:void LPSPI1_IRQHandler()	8	static
../startup/startup_mimxrt1062.cpp:925:11:void LPSPI2_IRQHandler()	8	static
../startup/startup_mimxrt1062.cpp:929:11:void LPSPI3_IRQHandler()	8	static
../startup/startup_mimxrt1062.cpp:933:11:void LPSPI4_IRQHandler()	8	static
../startup/startup_mimxrt1062.cpp:937:11:void CAN1_IRQHandler()	8	static
../startup/startup_mimxrt1062.cpp:941:11:void CAN2_IRQHandler()	8	static
../startup/startup_mimxrt1062.cpp:945:11:void FLEXRAM_IRQHandler()	8	static
../startup/startup_mimxrt1062.cpp:949:11:void KPP_IRQHandler()	8	static
../startup/startup_mimxrt1062.cpp:953:11:void TSC_DIG_IRQHandler()	8	static
../startup/startup_mimxrt1062.cpp:957:11:void GPR_IRQ_IRQHandler()	8	static
../startup/startup_mimxrt1062.cpp:961:11:void LCDIF_IRQHandler()	8	static
../startup/startup_mimxrt1062.cpp:965:11:void CSI_IRQHandler()	8	static
../startup/startup_mimxrt1062.cpp:969:11:void PXP_IRQHandler()	8	static
../startup/startup_mimxrt1062.cpp:973:11:void WDOG2_IRQHandler()	8	static
../startup/startup_mimxrt1062.cpp:977:11:void SNVS_HP_WRAPPER_IRQHandler()	8	static
../startup/startup_mimxrt1062.cpp:981:11:void SNVS_HP_WRAPPER_TZ_IRQHandler()	8	static
../startup/startup_mimxrt1062.cpp:985:11:void SNVS_LP_WRAPPER_IRQHandler()	8	static
../startup/startup_mimxrt1062.cpp:989:11:void CSU_IRQHandler()	8	static
../startup/startup_mimxrt1062.cpp:993:11:void DCP_IRQHandler()	8	static
../startup/startup_mimxrt1062.cpp:997:11:void DCP_VMI_IRQHandler()	8	static
../startup/startup_mimxrt1062.cpp:1001:11:void Reserved68_IRQHandler()	8	static
../startup/startup_mimxrt1062.cpp:1005:11:void TRNG_IRQHandler()	8	static
../startup/startup_mimxrt1062.cpp:1009:11:void SJC_IRQHandler()	8	static
../startup/startup_mimxrt1062.cpp:1013:11:void BEE_IRQHandler()	8	static
../startup/startup_mimxrt1062.cpp:1017:11:void SAI1_IRQHandler()	8	static
../startup/startup_mimxrt1062.cpp:1021:11:void SAI2_IRQHandler()	8	static
../startup/startup_mimxrt1062.cpp:1025:11:void SAI3_RX_IRQHandler()	8	static
../startup/startup_mimxrt1062.cpp:1029:11:void SAI3_TX_IRQHandler()	8	static
../startup/startup_mimxrt1062.cpp:1033:11:void SPDIF_IRQHandler()	8	static
../startup/startup_mimxrt1062.cpp:1037:11:void PMU_EVENT_IRQHandler()	8	static
../startup/startup_mimxrt1062.cpp:1041:11:void Reserved78_IRQHandler()	8	static
../startup/startup_mimxrt1062.cpp:1045:11:void TEMP_LOW_HIGH_IRQHandler()	8	static
../startup/startup_mimxrt1062.cpp:1049:11:void TEMP_PANIC_IRQHandler()	8	static
../startup/startup_mimxrt1062.cpp:1053:11:void USB_PHY1_IRQHandler()	8	static
../startup/startup_mimxrt1062.cpp:1057:11:void USB_PHY2_IRQHandler()	8	static
../startup/startup_mimxrt1062.cpp:1061:11:void ADC1_IRQHandler()	8	static
../startup/startup_mimxrt1062.cpp:1065:11:void ADC2_IRQHandler()	8	static
../startup/startup_mimxrt1062.cpp:1069:11:void DCDC_IRQHandler()	8	static
../startup/startup_mimxrt1062.cpp:1073:11:void Reserved86_IRQHandler()	8	static
../startup/startup_mimxrt1062.cpp:1077:11:void GPIO10_Combined_0_31_IRQHandler()	8	static
../startup/startup_mimxrt1062.cpp:1081:11:void GPIO1_INT0_IRQHandler()	8	static
../startup/startup_mimxrt1062.cpp:1085:11:void GPIO1_INT1_IRQHandler()	8	static
../startup/startup_mimxrt1062.cpp:1089:11:void GPIO1_INT2_IRQHandler()	8	static
../startup/startup_mimxrt1062.cpp:1093:11:void GPIO1_INT3_IRQHandler()	8	static
../startup/startup_mimxrt1062.cpp:1097:11:void GPIO1_INT4_IRQHandler()	8	static
../startup/startup_mimxrt1062.cpp:1101:11:void GPIO1_INT5_IRQHandler()	8	static
../startup/startup_mimxrt1062.cpp:1105:11:void GPIO1_INT6_IRQHandler()	8	static
../startup/startup_mimxrt1062.cpp:1109:11:void GPIO1_INT7_IRQHandler()	8	static
../startup/startup_mimxrt1062.cpp:1113:11:void GPIO1_Combined_0_15_IRQHandler()	8	static
../startup/startup_mimxrt1062.cpp:1117:11:void GPIO1_Combined_16_31_IRQHandler()	8	static
../startup/startup_mimxrt1062.cpp:1121:11:void GPIO2_Combined_0_15_IRQHandler()	8	static
../startup/startup_mimxrt1062.cpp:1125:11:void GPIO2_Combined_16_31_IRQHandler()	8	static
../startup/startup_mimxrt1062.cpp:1129:11:void GPIO3_Combined_0_15_IRQHandler()	8	static
../startup/startup_mimxrt1062.cpp:1133:11:void GPIO3_Combined_16_31_IRQHandler()	8	static
../startup/startup_mimxrt1062.cpp:1137:11:void GPIO4_Combined_0_15_IRQHandler()	8	static
../startup/startup_mimxrt1062.cpp:1141:11:void GPIO4_Combined_16_31_IRQHandler()	8	static
../startup/startup_mimxrt1062.cpp:1145:11:void GPIO5_Combined_0_15_IRQHandler()	8	static
../startup/startup_mimxrt1062.cpp:1149:11:void GPIO5_Combined_16_31_IRQHandler()	8	static
../startup/startup_mimxrt1062.cpp:1153:11:void FLEXIO1_IRQHandler()	8	static
../startup/startup_mimxrt1062.cpp:1157:11:void FLEXIO2_IRQHandler()	8	static
../startup/startup_mimxrt1062.cpp:1161:11:void WDOG1_IRQHandler()	8	static
../startup/startup_mimxrt1062.cpp:1165:11:void RTWDOG_IRQHandler()	8	static
../startup/startup_mimxrt1062.cpp:1169:11:void EWM_IRQHandler()	8	static
../startup/startup_mimxrt1062.cpp:1173:11:void CCM_1_IRQHandler()	8	static
../startup/startup_mimxrt1062.cpp:1177:11:void CCM_2_IRQHandler()	8	static
../startup/startup_mimxrt1062.cpp:1181:11:void GPC_IRQHandler()	8	static
../startup/startup_mimxrt1062.cpp:1185:11:void SRC_IRQHandler()	8	static
../startup/startup_mimxrt1062.cpp:1189:11:void Reserved115_IRQHandler()	8	static
../startup/startup_mimxrt1062.cpp:1193:11:void GPT1_IRQHandler()	8	static
../startup/startup_mimxrt1062.cpp:1197:11:void GPT2_IRQHandler()	8	static
../startup/startup_mimxrt1062.cpp:1201:11:void PWM1_0_IRQHandler()	8	static
../startup/startup_mimxrt1062.cpp:1205:11:void PWM1_1_IRQHandler()	8	static
../startup/startup_mimxrt1062.cpp:1209:11:void PWM1_2_IRQHandler()	8	static
../startup/startup_mimxrt1062.cpp:1213:11:void PWM1_3_IRQHandler()	8	static
../startup/startup_mimxrt1062.cpp:1217:11:void PWM1_FAULT_IRQHandler()	8	static
../startup/startup_mimxrt1062.cpp:1221:11:void FLEXSPI2_IRQHandler()	8	static
../startup/startup_mimxrt1062.cpp:1225:11:void FLEXSPI_IRQHandler()	8	static
../startup/startup_mimxrt1062.cpp:1229:11:void SEMC_IRQHandler()	8	static
../startup/startup_mimxrt1062.cpp:1233:11:void USDHC1_IRQHandler()	8	static
../startup/startup_mimxrt1062.cpp:1237:11:void USDHC2_IRQHandler()	8	static
../startup/startup_mimxrt1062.cpp:1241:11:void USB_OTG2_IRQHandler()	8	static
../startup/startup_mimxrt1062.cpp:1245:11:void USB_OTG1_IRQHandler()	8	static
../startup/startup_mimxrt1062.cpp:1249:11:void ENET_IRQHandler()	8	static
../startup/startup_mimxrt1062.cpp:1253:11:void ENET_1588_Timer_IRQHandler()	8	static
../startup/startup_mimxrt1062.cpp:1257:11:void XBAR1_IRQ_0_1_IRQHandler()	8	static
../startup/startup_mimxrt1062.cpp:1261:11:void XBAR1_IRQ_2_3_IRQHandler()	8	static
../startup/startup_mimxrt1062.cpp:1265:11:void ADC_ETC_IRQ0_IRQHandler()	8	static
../startup/startup_mimxrt1062.cpp:1269:11:void ADC_ETC_IRQ1_IRQHandler()	8	static
../startup/startup_mimxrt1062.cpp:1273:11:void ADC_ETC_IRQ2_IRQHandler()	8	static
../startup/startup_mimxrt1062.cpp:1277:11:void ADC_ETC_ERROR_IRQ_IRQHandler()	8	static
../startup/startup_mimxrt1062.cpp:1281:11:void PIT_IRQHandler()	8	static
../startup/startup_mimxrt1062.cpp:1285:11:void ACMP1_IRQHandler()	8	static
../startup/startup_mimxrt1062.cpp:1289:11:void ACMP2_IRQHandler()	8	static
../startup/startup_mimxrt1062.cpp:1293:11:void ACMP3_IRQHandler()	8	static
../startup/startup_mimxrt1062.cpp:1297:11:void ACMP4_IRQHandler()	8	static
../startup/startup_mimxrt1062.cpp:1301:11:void Reserved143_IRQHandler()	8	static
../startup/startup_mimxrt1062.cpp:1305:11:void Reserved144_IRQHandler()	8	static
../startup/startup_mimxrt1062.cpp:1309:11:void ENC1_IRQHandler()	8	static
../startup/startup_mimxrt1062.cpp:1313:11:void ENC2_IRQHandler()	8	static
../startup/startup_mimxrt1062.cpp:1317:11:void ENC3_IRQHandler()	8	static
../startup/startup_mimxrt1062.cpp:1321:11:void ENC4_IRQHandler()	8	static
../startup/startup_mimxrt1062.cpp:1325:11:void TMR1_IRQHandler()	8	static
../startup/startup_mimxrt1062.cpp:1329:11:void TMR2_IRQHandler()	8	static
../startup/startup_mimxrt1062.cpp:1333:11:void TMR3_IRQHandler()	8	static
../startup/startup_mimxrt1062.cpp:1337:11:void TMR4_IRQHandler()	8	static
../startup/startup_mimxrt1062.cpp:1341:11:void PWM2_0_IRQHandler()	8	static
../startup/startup_mimxrt1062.cpp:1345:11:void PWM2_1_IRQHandler()	8	static
../startup/startup_mimxrt1062.cpp:1349:11:void PWM2_2_IRQHandler()	8	static
../startup/startup_mimxrt1062.cpp:1353:11:void PWM2_3_IRQHandler()	8	static
../startup/startup_mimxrt1062.cpp:1357:11:void PWM2_FAULT_IRQHandler()	8	static
../startup/startup_mimxrt1062.cpp:1361:11:void PWM3_0_IRQHandler()	8	static
../startup/startup_mimxrt1062.cpp:1365:11:void PWM3_1_IRQHandler()	8	static
../startup/startup_mimxrt1062.cpp:1369:11:void PWM3_2_IRQHandler()	8	static
../startup/startup_mimxrt1062.cpp:1373:11:void PWM3_3_IRQHandler()	8	static
../startup/startup_mimxrt1062.cpp:1377:11:void PWM3_FAULT_IRQHandler()	8	static
../startup/startup_mimxrt1062.cpp:1381:11:void PWM4_0_IRQHandler()	8	static
../startup/startup_mimxrt1062.cpp:1385:11:void PWM4_1_IRQHandler()	8	static
../startup/startup_mimxrt1062.cpp:1389:11:void PWM4_2_IRQHandler()	8	static
../startup/startup_mimxrt1062.cpp:1393:11:void PWM4_3_IRQHandler()	8	static
../startup/startup_mimxrt1062.cpp:1397:11:void PWM4_FAULT_IRQHandler()	8	static
../startup/startup_mimxrt1062.cpp:1401:11:void ENET2_IRQHandler()	8	static
../startup/startup_mimxrt1062.cpp:1405:11:void ENET2_1588_Timer_IRQHandler()	8	static
../startup/startup_mimxrt1062.cpp:1409:11:void CAN3_IRQHandler()	8	static
../startup/startup_mimxrt1062.cpp:1413:11:void Reserved171_IRQHandler()	8	static
../startup/startup_mimxrt1062.cpp:1417:11:void FLEXIO3_IRQHandler()	8	static
../startup/startup_mimxrt1062.cpp:1421:11:void GPIO6_7_8_9_IRQHandler()	8	static
