../lvgl/lvgl/src/hal/../draw/../misc/lv_color.h:375:24:lv_color_to32	24	static
../lvgl/lvgl/src/hal/../draw/../misc/lv_color.h:439:48:lv_color_mix	24	static
../lvgl/lvgl/src/hal/../draw/../misc/lv_color.h:524:42:lv_color_mix_with_alpha	24	static
../lvgl/lvgl/src/hal/../draw/../misc/lv_color.h:580:23:lv_color_brightness	24	static
../lvgl/lvgl/src/hal/../draw/../misc/lv_color.h:588:26:lv_color_make	16	static
../lvgl/lvgl/src/hal/../draw/../misc/lv_color.h:593:26:lv_color_hex	24	static
../lvgl/lvgl/src/hal/../draw/../misc/lv_color.h:689:26:lv_color_white	8	static
../lvgl/lvgl/src/hal/../core/lv_obj_style.h:92:20:lv_obj_remove_style_all	16	static
../lvgl/lvgl/src/hal/lv_hal_disp.c:83:6:lv_disp_drv_init	24	static
../lvgl/lvgl/src/hal/lv_hal_disp.c:146:6:lv_disp_draw_buf_init	24	static
../lvgl/lvgl/src/hal/lv_hal_disp.c:162:13:lv_disp_drv_register	48	static
../lvgl/lvgl/src/hal/lv_hal_disp.c:244:6:lv_disp_drv_update	32	static
../lvgl/lvgl/src/hal/lv_hal_disp.c:285:6:lv_disp_remove	24	static
../lvgl/lvgl/src/hal/lv_hal_disp.c:325:6:lv_disp_set_default	16	static
../lvgl/lvgl/src/hal/lv_hal_disp.c:334:13:lv_disp_get_default	4	static
../lvgl/lvgl/src/hal/lv_hal_disp.c:344:12:lv_disp_get_hor_res	16	static
../lvgl/lvgl/src/hal/lv_hal_disp.c:367:12:lv_disp_get_ver_res	16	static
../lvgl/lvgl/src/hal/lv_hal_disp.c:390:12:lv_disp_get_physical_hor_res	16	static
../lvgl/lvgl/src/hal/lv_hal_disp.c:413:12:lv_disp_get_physical_ver_res	16	static
../lvgl/lvgl/src/hal/lv_hal_disp.c:436:12:lv_disp_get_offset_x	16	static
../lvgl/lvgl/src/hal/lv_hal_disp.c:462:12:lv_disp_get_offset_y	16	static
../lvgl/lvgl/src/hal/lv_hal_disp.c:488:6:lv_disp_get_antialiasing	16	static
../lvgl/lvgl/src/hal/lv_hal_disp.c:501:12:lv_disp_get_dpi	16	static
../lvgl/lvgl/src/hal/lv_hal_disp.c:512:31:lv_disp_flush_ready	16	static
../lvgl/lvgl/src/hal/lv_hal_disp.c:524:31:lv_disp_flush_is_last	16	static
../lvgl/lvgl/src/hal/lv_hal_disp.c:534:13:lv_disp_get_next	16	static
../lvgl/lvgl/src/hal/lv_hal_disp.c:547:22:lv_disp_get_draw_buf	16	static
../lvgl/lvgl/src/hal/lv_hal_disp.c:557:6:lv_disp_set_rotation	16	static
../lvgl/lvgl/src/hal/lv_hal_disp.c:571:15:lv_disp_get_rotation	16	static
../lvgl/lvgl/src/hal/lv_hal_disp.c:578:6:lv_disp_drv_use_generic_set_px_cb	16	static
../lvgl/lvgl/src/hal/lv_hal_disp.c:605:31:invalidate_layout_cb	16	static
../lvgl/lvgl/src/hal/lv_hal_disp.c:612:13:set_px_cb_alpha1	48	static
../lvgl/lvgl/src/hal/lv_hal_disp.c:626:13:set_px_cb_alpha2	48	static
../lvgl/lvgl/src/hal/lv_hal_disp.c:640:13:set_px_cb_alpha4	48	static
../lvgl/lvgl/src/hal/lv_hal_disp.c:654:13:set_px_cb_alpha8	48	static
../lvgl/lvgl/src/hal/lv_hal_disp.c:668:13:set_px_alpha_generic	32	static
../lvgl/lvgl/src/hal/lv_hal_disp.c:682:13:set_px_true_color_alpha	48	static
