D:\NTHU\NXP\Workspace\evkbmimxrt1060_lvgl_guider\CMSIS/core_cm7.h:1911:22:__NVIC_EnableIRQ	16	static
../drivers/fsl_common_arm.h:210:20:_SDK_AtomicLocalClearAndSet4Byte	48	static
../drivers/fsl_clock.h:1496:20:CLOCK_ControlGate	32	static
../drivers/fsl_clock.h:1513:20:CLOCK_EnableClock	16	static
../drivers/fsl_clock.h:1523:20:CLOCK_DisableClock	16	static
../drivers/fsl_common_arm.h:514:24:EnableIRQ	24	static
../drivers/fsl_lpi2c.h:545:20:LPI2C_MasterReset	16	static
../drivers/fsl_lpi2c.h:557:20:LPI2C_MasterEnable	16	static
../drivers/fsl_lpi2c.h:579:24:LPI2C_MasterGetStatusFlags	16	static
../drivers/fsl_lpi2c.h:604:20:LPI2C_MasterClearStatusFlags	16	static
../drivers/fsl_lpi2c.h:624:20:LPI2C_MasterEnableInterrupts	16	static
../drivers/fsl_lpi2c.h:639:20:LPI2C_MasterDisableInterrupts	16	static
../drivers/fsl_lpi2c.h:651:24:LPI2C_MasterGetEnabledInterrupts	16	static
../drivers/fsl_lpi2c.h:711:20:LPI2C_MasterSetWatermarks	24	static
../drivers/fsl_lpi2c.h:725:20:LPI2C_MasterGetFifoCounts	24	static
../drivers/fsl_lpi2c.h:1028:20:LPI2C_SlaveReset	16	static
../drivers/fsl_lpi2c.h:1040:20:LPI2C_SlaveEnable	16	static
../drivers/fsl_lpi2c.h:1062:24:LPI2C_SlaveGetStatusFlags	16	static
../drivers/fsl_lpi2c.h:1084:20:LPI2C_SlaveClearStatusFlags	16	static
../drivers/fsl_lpi2c.h:1104:20:LPI2C_SlaveEnableInterrupts	16	static
../drivers/fsl_lpi2c.h:1119:20:LPI2C_SlaveDisableInterrupts	16	static
../drivers/fsl_lpi2c.c:213:10:LPI2C_GetInstance	24	static
../drivers/fsl_lpi2c.c:236:17:LPI2C_GetCyclesForWidth	40	static
../drivers/fsl_lpi2c.c:278:10:LPI2C_MasterCheckAndClearError	24	static
../drivers/fsl_lpi2c.c:337:17:LPI2C_MasterWaitForTxReady	32	static
../drivers/fsl_lpi2c.c:385:10:LPI2C_CheckForBusyBus	24	static
../drivers/fsl_lpi2c.c:426:6:LPI2C_MasterGetDefaultConfig	16	static
../drivers/fsl_lpi2c.c:459:6:LPI2C_MasterInit	56	static
../drivers/fsl_lpi2c.c:560:6:LPI2C_MasterDeinit	24	static
../drivers/fsl_lpi2c.c:585:6:LPI2C_MasterConfigureDataMatch	24	static
../drivers/fsl_lpi2c.c:616:6:LPI2C_MasterSetBaudRate	64	static
../drivers/fsl_lpi2c.c:755:10:LPI2C_MasterStart	24	static
../drivers/fsl_lpi2c.c:796:10:LPI2C_MasterStop	24	static
../drivers/fsl_lpi2c.c:857:10:LPI2C_MasterReceive	40	static
../drivers/fsl_lpi2c.c:959:10:LPI2C_MasterSend	32	static
../drivers/fsl_lpi2c.c:998:10:LPI2C_MasterTransferBlocking	48	static
../drivers/fsl_lpi2c.c:1127:6:LPI2C_MasterTransferCreateHandle	32	static
../drivers/fsl_lpi2c.c:1161:13:LPI2C_TransferStateMachineSendCommand	32	static
../drivers/fsl_lpi2c.c:1232:13:LPI2C_TransferStateMachineReadCommand	24	static
../drivers/fsl_lpi2c.c:1256:13:LPI2C_TransferStateMachineTransferData	24	static
../drivers/fsl_lpi2c.c:1299:13:LPI2C_TransferStateMachineStopState	24	static
../drivers/fsl_lpi2c.c:1330:13:LPI2C_TransferStateMachineWaitState	24	static
../drivers/fsl_lpi2c.c:1368:17:LPI2C_RunTransferStateMachine	48	static
../drivers/fsl_lpi2c.c:1451:13:LPI2C_InitTransferStateMachine	40	static
../drivers/fsl_lpi2c.c:1524:10:LPI2C_MasterTransferNonBlocking	40	static
../drivers/fsl_lpi2c.c:1590:10:LPI2C_MasterTransferGetCount	40	static
../drivers/fsl_lpi2c.c:1658:6:LPI2C_MasterTransferAbort	16	static
../drivers/fsl_lpi2c.c:1688:6:LPI2C_MasterTransferHandleIRQ	40	static
../drivers/fsl_lpi2c.c:1758:6:LPI2C_SlaveGetDefaultConfig	16	static
../drivers/fsl_lpi2c.c:1797:6:LPI2C_SlaveInit	48	static
../drivers/fsl_lpi2c.c:1869:6:LPI2C_SlaveDeinit	24	static
../drivers/fsl_lpi2c.c:1896:17:LPI2C_SlaveCheckAndClearError	24	static
../drivers/fsl_lpi2c.c:1940:10:LPI2C_SlaveSend	40	static
../drivers/fsl_lpi2c.c:2031:10:LPI2C_SlaveReceive	40	static
../drivers/fsl_lpi2c.c:2129:6:LPI2C_SlaveTransferCreateHandle	32	static
../drivers/fsl_lpi2c.c:2186:10:LPI2C_SlaveTransferNonBlocking	32	static
../drivers/fsl_lpi2c.c:2250:10:LPI2C_SlaveTransferGetCount	32	static
../drivers/fsl_lpi2c.c:2285:6:LPI2C_SlaveTransferAbort	16	static
../drivers/fsl_lpi2c.c:2313:6:LPI2C_SlaveTransferHandleIRQ	24	static
../drivers/fsl_lpi2c.c:2471:13:LPI2C_CommonIRQHandler	16	static
../drivers/fsl_lpi2c.c:2502:6:LPI2C1_DriverIRQHandler	8	static
../drivers/fsl_lpi2c.c:2511:6:LPI2C2_DriverIRQHandler	8	static
../drivers/fsl_lpi2c.c:2520:6:LPI2C3_DriverIRQHandler	8	static
../drivers/fsl_lpi2c.c:2529:6:LPI2C4_DriverIRQHandler	8	static
