../drivers/fsl_common_arm.h:210:20:_SDK_AtomicLocalClearAndSet4Byte	48	static
../drivers/fsl_clock.h:1496:20:CLOCK_ControlGate	32	static
../drivers/fsl_clock.h:1513:20:CLOCK_EnableClock	16	static
../drivers/fsl_clock.h:1523:20:CLOCK_DisableClock	16	static
../drivers/fsl_pxp.h:1157:20:PXP_Start	16	static
../drivers/fsl_pxp.h:1289:24:PXP_GetStatusFlags	24	static
../drivers/fsl_pxp.h:1313:20:PXP_ClearStatusFlags	16	static
../drivers/fsl_pxp.h:1368:20:PXP_EnableInterrupts	16	static
../drivers/fsl_pxp.h:1494:20:PXP_EnableAlphaSurfaceOverlayColorKey	16	static
../drivers/fsl_pxp.h:1557:20:PXP_SetProcessSurfaceBackGroundColor	16	static
../drivers/fsl_pxp.h:1903:20:PXP_EnableCsc1	16	static
../drivers/fsl_pxp.c:166:17:PXP_GetInstance	24	static
../drivers/fsl_pxp.c:225:13:PXP_GetScalerParam	32	static
../drivers/fsl_pxp.c:268:6:PXP_ResetControl	24	static
../drivers/fsl_pxp.c:302:6:PXP_Init	32	static
../drivers/fsl_pxp.c:322:6:PXP_Deinit	24	static
../drivers/fsl_pxp.c:337:6:PXP_Reset	16	static
../drivers/fsl_pxp.c:349:6:PXP_SetAlphaSurfaceBufferConfig	16	static
../drivers/fsl_pxp.c:365:6:PXP_SetAlphaSurfaceBlendConfig	24	static
../drivers/fsl_pxp.c:419:6:PXP_SetAlphaSurfacePosition	24	static
../drivers/fsl_pxp.c:477:6:PXP_SetAlphaSurfaceOverlayColorKey	24	static
../drivers/fsl_pxp.c:490:6:PXP_SetProcessSurfaceBufferConfig	16	static
../drivers/fsl_pxp.c:514:6:PXP_SetProcessSurfaceScaler	40	static
../drivers/fsl_pxp.c:538:6:PXP_SetProcessSurfacePosition	24	static
../drivers/fsl_pxp.c:588:6:PXP_SetProcessSurfaceColorKey	24	static
../drivers/fsl_pxp.c:601:6:PXP_SetOutputBufferConfig	16	static
../drivers/fsl_pxp.c:635:6:PXP_BuildRect	72	static
../drivers/fsl_pxp.c:736:6:PXP_SetNextCommand	24	static
../drivers/fsl_pxp.c:804:6:PXP_SetCsc1Mode	16	static
../drivers/fsl_pxp.c:1046:6:PXP_SetPorterDuffConfig	24	static
../drivers/fsl_pxp.c:1085:10:PXP_GetPorterDuffConfigExt	24	static
../drivers/fsl_pxp.c:1180:13:PXP_StartRectCopy	72	static
../drivers/fsl_pxp.c:1247:10:PXP_StartPictureCopy	56	static
../drivers/fsl_pxp.c:1287:10:PXP_StartMemCopy	48	static
../drivers/fsl_pxp.c:1330:10:PXP_MemCopy	56	static
