../lvgl/lvgl/src/draw/sw/../../misc/lv_color.h:375:24:lv_color_to32	24	static
../lvgl/lvgl/src/draw/sw/lv_draw_sw_gradient.c:65:17:compute_key	24	static
../lvgl/lvgl/src/draw/sw/lv_draw_sw_gradient.c:72:15:get_cache_item_size	24	static
../lvgl/lvgl/src/draw/sw/lv_draw_sw_gradient.c:84:20:next_in_cache	24	static
../lvgl/lvgl/src/draw/sw/lv_draw_sw_gradient.c:97:17:iterate_cache	32	static
../lvgl/lvgl/src/draw/sw/lv_draw_sw_gradient.c:110:17:find_oldest_item_life	24	static
../lvgl/lvgl/src/draw/sw/lv_draw_sw_gradient.c:117:13:free_item	32	static
../lvgl/lvgl/src/draw/sw/lv_draw_sw_gradient.c:140:17:kill_oldest_item	24	static
../lvgl/lvgl/src/draw/sw/lv_draw_sw_gradient.c:151:17:find_item	24	static
../lvgl/lvgl/src/draw/sw/lv_draw_sw_gradient.c:158:20:allocate_item	40	static
../lvgl/lvgl/src/draw/sw/lv_draw_sw_gradient.c:235:6:lv_gradient_free_cache	8	static
../lvgl/lvgl/src/draw/sw/lv_draw_sw_gradient.c:242:6:lv_gradient_set_cache_size	16	static
../lvgl/lvgl/src/draw/sw/lv_draw_sw_gradient.c:251:13:lv_gradient_get	40	static
../lvgl/lvgl/src/draw/sw/lv_draw_sw_gradient.c:296:39:lv_gradient_calculate	56	static
../lvgl/lvgl/src/draw/sw/lv_draw_sw_gradient.c:341:6:lv_gradient_cleanup	16	static
