../lvgl/lvgl/src/draw/sw/../../misc/lv_color.h:439:48:lv_color_mix	24	static
../lvgl/lvgl/src/draw/sw/../../misc/lv_color.h:468:42:lv_color_premult	16	static
../lvgl/lvgl/src/draw/sw/../../misc/lv_color.h:493:48:lv_color_mix_premult	24	static
../lvgl/lvgl/src/draw/sw/../../misc/lv_color.h:588:26:lv_color_make	16	static
../lvgl/lvgl/src/draw/sw/../../misc/lv_color.h:693:26:lv_color_black	8	static
../lvgl/lvgl/src/draw/sw/../../misc/lv_area.h:123:26:lv_area_get_width	16	static
../lvgl/lvgl/src/draw/sw/../../misc/lv_area.h:133:26:lv_area_get_height	16	static
../lvgl/lvgl/src/draw/sw/lv_draw_sw_blend.c:91:6:lv_draw_sw_blend	24	static
../lvgl/lvgl/src/draw/sw/lv_draw_sw_blend.c:104:28:lv_draw_sw_blend_basic	96	static
../lvgl/lvgl/src/draw/sw/lv_draw_sw_blend.c:207:13:fill_set_px	80	static
../lvgl/lvgl/src/draw/sw/lv_draw_sw_blend.c:240:35:fill_normal	88	static
../lvgl/lvgl/src/draw/sw/lv_draw_sw_blend.c:530:13:fill_blended	64	static
../lvgl/lvgl/src/draw/sw/lv_draw_sw_blend.c:601:13:map_set_px	80	static
../lvgl/lvgl/src/draw/sw/lv_draw_sw_blend.c:636:35:map_normal	64	static
../lvgl/lvgl/src/draw/sw/lv_draw_sw_blend.c:873:13:map_blended	64	static
../lvgl/lvgl/src/draw/sw/lv_draw_sw_blend.c:945:26:color_blend_true_color_additive	24	static
../lvgl/lvgl/src/draw/sw/lv_draw_sw_blend.c:998:26:color_blend_true_color_subtractive	24	static
../lvgl/lvgl/src/draw/sw/lv_draw_sw_blend.c:1024:26:color_blend_true_color_multiply	16	static
