../lvgl/lvgl/src/core/../hal/../draw/../misc/lv_anim.h:126:20:lv_anim_set_var	16	static
../lvgl/lvgl/src/core/../hal/../draw/../misc/lv_anim.h:138:20:lv_anim_set_exec_cb	16	static
../lvgl/lvgl/src/core/../hal/../draw/../misc/lv_anim.h:148:20:lv_anim_set_time	16	static
../lvgl/lvgl/src/core/../hal/../draw/../misc/lv_anim.h:158:20:lv_anim_set_delay	16	static
../lvgl/lvgl/src/core/../hal/../draw/../misc/lv_anim.h:169:20:lv_anim_set_values	24	static
../lvgl/lvgl/src/core/../hal/../draw/../misc/lv_anim.h:206:20:lv_anim_set_start_cb	16	static
../lvgl/lvgl/src/core/../hal/../draw/../misc/lv_anim.h:227:20:lv_anim_set_ready_cb	16	static
../lvgl/lvgl/src/core/lv_disp.h:182:26:lv_scr_act	8	static
../lvgl/lvgl/src/core/lv_disp.c:50:12:lv_disp_get_scr_act	16	static
../lvgl/lvgl/src/core/lv_disp.c:67:12:lv_disp_get_scr_prev	16	static
../lvgl/lvgl/src/core/lv_disp.c:82:6:lv_disp_load_scr	24	static
../lvgl/lvgl/src/core/lv_disp.c:92:12:lv_disp_get_layer_top	16	static
../lvgl/lvgl/src/core/lv_disp.c:109:12:lv_disp_get_layer_sys	16	static
../lvgl/lvgl/src/core/lv_disp.c:124:6:lv_disp_set_theme	16	static
../lvgl/lvgl/src/core/lv_disp.c:146:14:lv_disp_get_theme	16	static
../lvgl/lvgl/src/core/lv_disp.c:157:6:lv_disp_set_bg_color	40	static
../lvgl/lvgl/src/core/lv_disp.c:178:6:lv_disp_set_bg_image	40	static
../lvgl/lvgl/src/core/lv_disp.c:198:6:lv_disp_set_bg_opa	40	static
../lvgl/lvgl/src/core/lv_disp.c:221:6:lv_scr_load_anim	160	static
../lvgl/lvgl/src/core/lv_disp.c:369:10:lv_disp_get_inactive_time	32	static
../lvgl/lvgl/src/core/lv_disp.c:389:6:lv_disp_trig_activity	16	static
../lvgl/lvgl/src/core/lv_disp.c:404:6:lv_disp_clean_dcache	16	static
../lvgl/lvgl/src/core/lv_disp.c:421:6:lv_disp_enable_invalidation	16	static
../lvgl/lvgl/src/core/lv_disp.c:437:6:lv_disp_is_invalidation_enabled	16	static
../lvgl/lvgl/src/core/lv_disp.c:454:14:_lv_disp_get_refr_timer	16	static
../lvgl/lvgl/src/core/lv_disp.c:469:13:scr_load_internal	24	static
../lvgl/lvgl/src/core/lv_disp.c:487:13:scr_load_anim_start	24	static
../lvgl/lvgl/src/core/lv_disp.c:497:13:opa_scale_anim	16	static
../lvgl/lvgl/src/core/lv_disp.c:502:13:set_x_anim	16	static
../lvgl/lvgl/src/core/lv_disp.c:507:13:set_y_anim	16	static
../lvgl/lvgl/src/core/lv_disp.c:512:13:scr_anim_ready	24	static
../lvgl/lvgl/src/core/lv_disp.c:527:13:is_out_anim	16	static
