../lvgl/lvgl/src/core/../misc/../font/../misc/lv_area.h:123:26:lv_area_get_width	16	static
../lvgl/lvgl/src/core/../misc/../font/../misc/lv_area.h:133:26:lv_area_get_height	16	static
../lvgl/lvgl/src/core/lv_obj_style_gen.h:79:26:lv_obj_get_style_transform_zoom	24	static
../lvgl/lvgl/src/core/lv_obj_style_gen.h:85:26:lv_obj_get_style_transform_angle	24	static
../lvgl/lvgl/src/core/lv_obj_style_gen.h:103:26:lv_obj_get_style_pad_top	24	static
../lvgl/lvgl/src/core/lv_obj_style_gen.h:109:26:lv_obj_get_style_pad_bottom	24	static
../lvgl/lvgl/src/core/lv_obj_style_gen.h:115:26:lv_obj_get_style_pad_left	24	static
../lvgl/lvgl/src/core/lv_obj_style_gen.h:121:26:lv_obj_get_style_pad_right	24	static
../lvgl/lvgl/src/core/lv_indev_scroll.c:46:6:_lv_indev_scroll_handler	56	static
../lvgl/lvgl/src/core/lv_indev_scroll.c:112:6:_lv_indev_scroll_throw_handler	64	static
../lvgl/lvgl/src/core/lv_indev_scroll.c:223:12:lv_indev_scroll_throw_predict	24	static
../lvgl/lvgl/src/core/lv_indev_scroll.c:248:6:lv_indev_scroll_get_snap_dist	16	static
../lvgl/lvgl/src/core/lv_indev_scroll.c:258:19:find_scroll_obj	72	static
../lvgl/lvgl/src/core/lv_indev_scroll.c:386:13:init_scroll_limits	40	static
../lvgl/lvgl/src/core/lv_indev_scroll.c:454:19:find_snap_point_x	64	static
../lvgl/lvgl/src/core/lv_indev_scroll.c:509:19:find_snap_point_y	64	static
../lvgl/lvgl/src/core/lv_indev_scroll.c:555:13:scroll_limit_diff	24	static
../lvgl/lvgl/src/core/lv_indev_scroll.c:580:19:scroll_throw_predict_y	32	static
../lvgl/lvgl/src/core/lv_indev_scroll.c:596:19:scroll_throw_predict_x	32	static
../lvgl/lvgl/src/core/lv_indev_scroll.c:611:19:elastic_diff	48	static
