d:\nthu\nxp\workspace\evkbmimxrt1060_lvgl_guider\lvgl\lvgl\src\misc\lv_area.h:286:26:lv_pct	16	static
d:\nthu\nxp\workspace\evkbmimxrt1060_lvgl_guider\lvgl\lvgl\src\font\lv_font.h:124:26:lv_font_get_line_height	16	static
../lvgl/lvgl/src/extra/widgets/msgbox/../../../../src/core/lv_obj_style_gen.h:463:33:lv_obj_get_style_text_font	24	static
../lvgl/lvgl/src/extra/widgets/msgbox/../../../../src/core/lv_disp.h:191:26:lv_layer_top	8	static
../lvgl/lvgl/src/extra/widgets/msgbox/lv_msgbox.c:61:12:lv_msgbox_create	72	static
../lvgl/lvgl/src/extra/widgets/msgbox/lv_msgbox.c:139:12:lv_msgbox_get_title	24	static
../lvgl/lvgl/src/extra/widgets/msgbox/lv_msgbox.c:146:12:lv_msgbox_get_close_btn	24	static
../lvgl/lvgl/src/extra/widgets/msgbox/lv_msgbox.c:153:12:lv_msgbox_get_text	24	static
../lvgl/lvgl/src/extra/widgets/msgbox/lv_msgbox.c:160:12:lv_msgbox_get_content	24	static
../lvgl/lvgl/src/extra/widgets/msgbox/lv_msgbox.c:167:12:lv_msgbox_get_btns	24	static
../lvgl/lvgl/src/extra/widgets/msgbox/lv_msgbox.c:174:10:lv_msgbox_get_active_btn	24	static
../lvgl/lvgl/src/extra/widgets/msgbox/lv_msgbox.c:180:14:lv_msgbox_get_active_btn_text	24	static
../lvgl/lvgl/src/extra/widgets/msgbox/lv_msgbox.c:186:6:lv_msgbox_close	16	static
../lvgl/lvgl/src/extra/widgets/msgbox/lv_msgbox.c:192:6:lv_msgbox_close_async	16	static
../lvgl/lvgl/src/extra/widgets/msgbox/lv_msgbox.c:202:13:msgbox_close_click_event_cb	24	static
