../lvgl/lvgl/src/draw/../misc/lv_color.h:588:26:lv_color_make	16	static
../lvgl/lvgl/src/draw/../misc/lv_color.h:689:26:lv_color_white	8	static
../lvgl/lvgl/src/draw/../misc/lv_color.h:693:26:lv_color_black	8	static
../lvgl/lvgl/src/draw/../misc/lv_area.h:110:20:lv_area_copy	16	static
../lvgl/lvgl/src/draw/../misc/lv_area.h:123:26:lv_area_get_width	16	static
../lvgl/lvgl/src/draw/../misc/lv_area.h:133:26:lv_area_get_height	16	static
../lvgl/lvgl/src/draw/lv_draw_img.c:46:6:lv_draw_img_dsc_init	24	static
../lvgl/lvgl/src/draw/lv_draw_img.c:62:6:lv_draw_img	40	static
../lvgl/lvgl/src/draw/lv_draw_img.c:93:9:lv_img_cf_get_px_size	24	static
../lvgl/lvgl/src/draw/lv_draw_img.c:138:6:lv_img_cf_is_chroma_keyed	24	static
../lvgl/lvgl/src/draw/lv_draw_img.c:161:6:lv_img_cf_has_alpha	24	static
../lvgl/lvgl/src/draw/lv_draw_img.c:194:14:lv_img_src_get_type	24	static
../lvgl/lvgl/src/draw/lv_draw_img.c:219:6:lv_draw_img_decoded	40	static
../lvgl/lvgl/src/draw/lv_draw_img.c:231:39:decode_and_draw	136	static
../lvgl/lvgl/src/draw/lv_draw_img.c:345:13:show_error	120	static
../lvgl/lvgl/src/draw/lv_draw_img.c:357:13:draw_cleanup	16	static
